{
  "name":"test-app-1",
  "version":"0.0.1",
  "private":true,
  "dependencies":{
    "express":"3.2.6",
    "hbs":"*",
    "stylus":"*",
    "emcee":"*",
    "cookies":"*",
    "async":"*",
    "socket.io":"*",
    "connect":"*",
    "socket.io-sessions":"*",
    "makomi-express-runtime":"*"
  }
}